---
source: src/input/web.rs
assertion_line: 480
expression: users
---
- name: John Doe
  member_status: RM
  trip_leader_status: S1
  position: ~
  address: 1234 Example Dr
  city: A City
  state: CA
  zipcode: "55555"
  phone: "+15555555555"
  email: johndoe@gmail.com
  timestamp: ~
- name: Jane Doe
  member_status: HM
  trip_leader_status: S2
  position: Director
  address: 6789 Example St
  city: Los Angeles
  state: CA
  zipcode: "55555"
  phone: "+11234567890"
  email: jane.doe@gmail.com
  timestamp: ~
- name: First Last
  member_status: Student
  trip_leader_status: ~
  position: ~
  address: 4321 Example Ct
  city: Another City
  state: CA
  zipcode: "55553"
  phone: "+15555555554"
  email: first.last@gmail.com
  timestamp: ~

